| 1 | This is a leaf node. |
| ARGV | This is a leaf node. |
| eval | This is a leaf node. |
